
Running 3 tests using 1 worker

  x  1 [live-backend] › tests\e2e\live-validation.spec.js:81:5 › FULL END-TO-END LIVE VALIDATION › Validate CUSTOMER Workflow (0ms)
  -  2 [live-backend] › tests\e2e\live-validation.spec.js:81:5 › FULL END-TO-END LIVE VALIDATION › Validate ADMIN Workflow
  -  3 [live-backend] › tests\e2e\live-validation.spec.js:81:5 › FULL END-TO-END LIVE VALIDATION › Validate CARRIER Workflow
  x  4 [live-backend] › tests\e2e\live-validation.spec.js:81:5 › FULL END-TO-END LIVE VALIDATION › Validate CUSTOMER Workflow (retry #1) (0ms)
  -  5 [live-backend] › tests\e2e\live-validation.spec.js:81:5 › FULL END-TO-END LIVE VALIDATION › Validate ADMIN Workflow (retry #1)
  -  6 [live-backend] › tests\e2e\live-validation.spec.js:81:5 › FULL END-TO-END LIVE VALIDATION › Validate CARRIER Workflow (retry #1)


  1) [live-backend] › tests\e2e\live-validation.spec.js:81:5 › FULL END-TO-END LIVE VALIDATION › Validate CUSTOMER Workflow 

    Error: page.fill: Target page, context or browser has been closed
    Call log:
    [2m  - waiting for locator('input[name="name"]')[22m


      53 |     // Register Customer
      54 |     await page.goto('/register');
    > 55 |     await page.fill('input[name="name"]', cust.name);
         |                ^
      56 |     await page.fill('input[name="email"]', cust.email);
      57 |     await page.fill('input[name="password"]', cust.password);
      58 |     await page.fill('input[name="confirmPassword"]', cust.password);
        at C:\Users\MithunM\IdeaProjects\tpa\frontend\tests\e2e\live-validation.spec.js:55:16

    Error Context: ..\artifacts\test-results\live-validation-FULL-END-T-b2014--Validate-CUSTOMER-Workflow-live-backend\error-context.md

    attachment #2: trace (application/zip) ─────────────────────────────────────────────────────────
    ..\artifacts\test-results\live-validation-FULL-END-T-b2014--Validate-CUSTOMER-Workflow-live-backend\trace.zip
    Usage:

        npx playwright show-trace ..\artifacts\test-results\live-validation-FULL-END-T-b2014--Validate-CUSTOMER-Workflow-live-backend\trace.zip

    ────────────────────────────────────────────────────────────────────────────────────────────────

    Retry #1 ───────────────────────────────────────────────────────────────────────────────────────

    [31m"beforeAll" hook timeout of 45000ms exceeded.[39m

      45 | test.describe('FULL END-TO-END LIVE VALIDATION', () => {
      46 |
    > 47 |   test.beforeAll(async ({ browser }) => {
         |        ^
      48 |     // Register the dynamic Customer and Carrier to ensure they exist
      49 |     const page = await browser.newPage();
      50 |     const cust = ROLES[0];
        at C:\Users\MithunM\IdeaProjects\tpa\frontend\tests\e2e\live-validation.spec.js:47:8

    Error: page.fill: Test ended.
    Call log:
    [2m  - waiting for locator('input[name="name"]')[22m


      53 |     // Register Customer
      54 |     await page.goto('/register');
    > 55 |     await page.fill('input[name="name"]', cust.name);
         |                ^
      56 |     await page.fill('input[name="email"]', cust.email);
      57 |     await page.fill('input[name="password"]', cust.password);
      58 |     await page.fill('input[name="confirmPassword"]', cust.password);
        at C:\Users\MithunM\IdeaProjects\tpa\frontend\tests\e2e\live-validation.spec.js:55:16

    attachment #1: screenshot (image/png) ──────────────────────────────────────────────────────────
    ..\artifacts\test-results\live-validation-FULL-END-T-b2014--Validate-CUSTOMER-Workflow-live-backend-retry1\test-failed-1.png
    ────────────────────────────────────────────────────────────────────────────────────────────────

    Error Context: ..\artifacts\test-results\live-validation-FULL-END-T-b2014--Validate-CUSTOMER-Workflow-live-backend-retry1\error-context.md

    attachment #3: trace (application/zip) ─────────────────────────────────────────────────────────
    ..\artifacts\test-results\live-validation-FULL-END-T-b2014--Validate-CUSTOMER-Workflow-live-backend-retry1\trace.zip
    Usage:

        npx playwright show-trace ..\artifacts\test-results\live-validation-FULL-END-T-b2014--Validate-CUSTOMER-Workflow-live-backend-retry1\trace.zip

    ────────────────────────────────────────────────────────────────────────────────────────────────

  1 failed
    [live-backend] › tests\e2e\live-validation.spec.js:81:5 › FULL END-TO-END LIVE VALIDATION › Validate CUSTOMER Workflow 
  2 did not run
